// Jest Snapshot v1, https://goo.gl/fbAQLP

exports[`GifItem component should render the image and title 1`] = `
<div>
  <div
    class="card"
  >
    <img
      alt="Example image"
      src="https://example.com/image.gif"
    />
    <p>
      Example image
    </p>
  </div>
</div>
`;
